
> nextn@0.1.7 build
> next build

node.exe : (node:14992) [MODULE_TYPELESS_PACKAGE_JSON] Warning: Module type of 
file:///C:/Users/catri/vamo.vamo/next.config.js is not specified and it 
doesn't parse as CommonJS.
En línea: 1 Carácter: 1
+ & "C:\Program Files\nodejs/node.exe" "C:\Program Files\nodejs/node_mo ...
+ ~~~~~~~~~~~~~~~~~~~~~~~~~~~~~~~~~~~~~~~~~~~~~~~~~~~~~~~~~~~~~~~~~~~~~
    + CategoryInfo          : NotSpecified: ((node:14992) [M...se as CommonJS. 
   :String) [], RemoteException
    + FullyQualifiedErrorId : NativeCommandError
 
Reparsing as ES module because module syntax was detected. This incurs a 
performance overhead.
To eliminate this warning, add "type": "module" to 
C:\Users\catri\vamo.vamo\package.json.
(Use `node --trace-warnings ...` to show where the warning was created)
  Ôû▓ Next.js 14.2.35
  - Environments: .env.local

   Creating an optimized production build ...
(node:18480) [MODULE_TYPELESS_PACKAGE_JSON] Warning: Module type of 
file:///C:/Users/catri/vamo.vamo/next.config.js is not specified and it 
doesn't parse as CommonJS.
Reparsing as ES module because module syntax was detected. This incurs a 
performance overhead.
To eliminate this warning, add "type": "module" to 
C:\Users\catri\vamo.vamo\package.json.
(Use `node --trace-warnings ...` to show where the warning was created)
(node:17968) [MODULE_TYPELESS_PACKAGE_JSON] Warning: Module type of 
file:///C:/Users/catri/vamo.vamo/next.config.js is not specified and it 
doesn't parse as CommonJS.
Reparsing as ES module because module syntax was detected. This incurs a 
performance overhead.
To eliminate this warning, add "type": "module" to 
C:\Users\catri\vamo.vamo\package.json.
(Use `node --trace-warnings ...` to show where the warning was created)
(node:21160) [MODULE_TYPELESS_PACKAGE_JSON] Warning: Module type of 
file:///C:/Users/catri/vamo.vamo/next.config.js is not specified and it 
doesn't parse as CommonJS.
Reparsing as ES module because module syntax was detected. This incurs a 
performance overhead.
To eliminate this warning, add "type": "module" to 
C:\Users\catri\vamo.vamo\package.json.
(Use `node --trace-warnings ...` to show where the warning was created)
 Ô£ô Compiled successfully
   Linting and checking validity of types ...
   Collecting page data ...
   Generating static pages (0/34) ...
FIREBASE CONFIGURATION LOADED: {
  apiKey: 'AIzaSyDOkw1zuu8JZu2zGwn_YUWK1az4zphC9PA',
  authDomain: 'studio-6697160840-7c67f.firebaseapp.com',
  projectId: 'studio-6697160840-7c67f',
  storageBucket: 'studio-6697160840-7c67f.appspot.com',
  messagingSenderId: '68554242118',
  appId: '1:68554242118:web:93c2b08fdb55d657167247'
}
­ƒöÑ Firebase project: studio-6697160840-7c67f
FIREBASE CONFIGURATION LOADED: {
  apiKey: 'AIzaSyDOkw1zuu8JZu2zGwn_YUWK1az4zphC9PA',
  authDomain: 'studio-6697160840-7c67f.firebaseapp.com',
  projectId: 'studio-6697160840-7c67f',
  storageBucket: 'studio-6697160840-7c67f.appspot.com',
  messagingSenderId: '68554242118',
  appId: '1:68554242118:web:93c2b08fdb55d657167247'
}
­ƒöÑ Firebase project: studio-6697160840-7c67f
FIREBASE CONFIGURATION LOADED: {
  apiKey: 'AIzaSyDOkw1zuu8JZu2zGwn_YUWK1az4zphC9PA',
  authDomain: 'studio-6697160840-7c67f.firebaseapp.com',
  projectId: 'studio-6697160840-7c67f',
  storageBucket: 'studio-6697160840-7c67f.appspot.com',
  messagingSenderId: '68554242118',
  appId: '1:68554242118:web:93c2b08fdb55d657167247'
}
­ƒöÑ Firebase project: studio-6697160840-7c67f
FIREBASE CONFIGURATION LOADED: {
  apiKey: 'AIzaSyDOkw1zuu8JZu2zGwn_YUWK1az4zphC9PA',
  authDomain: 'studio-6697160840-7c67f.firebaseapp.com',
  projectId: 'studio-6697160840-7c67f',
  storageBucket: 'studio-6697160840-7c67f.appspot.com',
  messagingSenderId: '68554242118',
  appId: '1:68554242118:web:93c2b08fdb55d657167247'
}
­ƒöÑ Firebase project: studio-6697160840-7c67f
FIREBASE CONFIGURATION LOADED: {
  apiKey: 'AIzaSyDOkw1zuu8JZu2zGwn_YUWK1az4zphC9PA',
  authDomain: 'studio-6697160840-7c67f.firebaseapp.com',
  projectId: 'studio-6697160840-7c67f',
  storageBucket: 'studio-6697160840-7c67f.appspot.com',
  messagingSenderId: '68554242118',
  appId: '1:68554242118:web:93c2b08fdb55d657167247'
}
­ƒöÑ Firebase project: studio-6697160840-7c67f
FIREBASE CONFIGURATION LOADED: {
  apiKey: 'AIzaSyDOkw1zuu8JZu2zGwn_YUWK1az4zphC9PA',
  authDomain: 'studio-6697160840-7c67f.firebaseapp.com',
  projectId: 'studio-6697160840-7c67f',
  storageBucket: 'studio-6697160840-7c67f.appspot.com',
  messagingSenderId: '68554242118',
  appId: '1:68554242118:web:93c2b08fdb55d657167247'
}
­ƒöÑ Firebase project: studio-6697160840-7c67f
FIREBASE CONFIGURATION LOADED: {
  apiKey: 'AIzaSyDOkw1zuu8JZu2zGwn_YUWK1az4zphC9PA',
  authDomain: 'studio-6697160840-7c67f.firebaseapp.com',
  projectId: 'studio-6697160840-7c67f',
  storageBucket: 'studio-6697160840-7c67f.appspot.com',
  messagingSenderId: '68554242118',
  appId: '1:68554242118:web:93c2b08fdb55d657167247'
}
­ƒöÑ Firebase project: studio-6697160840-7c67f
FIREBASE CONFIGURATION LOADED: {
  apiKey: 'AIzaSyDOkw1zuu8JZu2zGwn_YUWK1az4zphC9PA',
  authDomain: 'studio-6697160840-7c67f.firebaseapp.com',
  projectId: 'studio-6697160840-7c67f',
  storageBucket: 'studio-6697160840-7c67f.appspot.com',
  messagingSenderId: '68554242118',
  appId: '1:68554242118:web:93c2b08fdb55d657167247'
}
­ƒöÑ Firebase project: studio-6697160840-7c67f
FIREBASE CONFIGURATION LOADED: {
  apiKey: 'AIzaSyDOkw1zuu8JZu2zGwn_YUWK1az4zphC9PA',
  authDomain: 'studio-6697160840-7c67f.firebaseapp.com',
  projectId: 'studio-6697160840-7c67f',
  storageBucket: 'studio-6697160840-7c67f.appspot.com',
  messagingSenderId: '68554242118',
  appId: '1:68554242118:web:93c2b08fdb55d657167247'
}
­ƒöÑ Firebase project: studio-6697160840-7c67f
FIREBASE CONFIGURATION LOADED: {
  apiKey: 'AIzaSyDOkw1zuu8JZu2zGwn_YUWK1az4zphC9PA',
  authDomain: 'studio-6697160840-7c67f.firebaseapp.com',
  projectId: 'studio-6697160840-7c67f',
  storageBucket: 'studio-6697160840-7c67f.appspot.com',
  messagingSenderId: '68554242118',
  appId: '1:68554242118:web:93c2b08fdb55d657167247'
}
­ƒöÑ Firebase project: studio-6697160840-7c67f
FIREBASE CONFIGURATION LOADED: {
  apiKey: 'AIzaSyDOkw1zuu8JZu2zGwn_YUWK1az4zphC9PA',
  authDomain: 'studio-6697160840-7c67f.firebaseapp.com',
  projectId: 'studio-6697160840-7c67f',
  storageBucket: 'studio-6697160840-7c67f.appspot.com',
  messagingSenderId: '68554242118',
  appId: '1:68554242118:web:93c2b08fdb55d657167247'
}
­ƒöÑ Firebase project: studio-6697160840-7c67f
   Generating static pages (8/34) 
   Generating static pages (16/34) 
­ƒöÑ Firebase project: studio-6697160840-7c67f
­ƒöÑ Firebase project: studio-6697160840-7c67f
­ƒöÑ Firebase project: studio-6697160840-7c67f
­ƒöÑ Firebase project: studio-6697160840-7c67f
­ƒöÑ Firebase project: studio-6697160840-7c67f
­ƒöÑ Firebase project: studio-6697160840-7c67f
­ƒöÑ Firebase project: studio-6697160840-7c67f
­ƒöÑ Firebase project: studio-6697160840-7c67f
­ƒöÑ Firebase project: studio-6697160840-7c67f
­ƒöÑ Firebase project: studio-6697160840-7c67f
­ƒöÑ Firebase project: studio-6697160840-7c67f
   Generating static pages (25/34) 
­ƒöÑ Firebase project: studio-6697160840-7c67f
­ƒöÑ Firebase project: studio-6697160840-7c67f
­ƒöÑ Firebase project: studio-6697160840-7c67f
­ƒöÑ Firebase project: studio-6697160840-7c67f
­ƒöÑ Firebase project: studio-6697160840-7c67f
 Ô£ô Generating static pages (34/34)
   Finalizing page optimization ...
   Collecting build traces ...

Route (app)                              Size     First Load JS
Ôöî Ôùï /                                    164 B          87.5 kB
Ôö£ Ôùï /_not-found                          876 B          88.2 kB
Ôö£ Ôùï /admin                               164 B          87.5 kB
Ôö£ Ôùï /admin/dashboard                     2.45 kB         101 kB
Ôö£ Ôùï /admin/driver-detail                 7.23 kB         223 kB
Ôö£ Ôùï /admin/drivers                       6.74 kB         220 kB
Ôö£ ãÆ /admin/drivers/[driverId]            164 B          87.5 kB
Ôö£ Ôùï /admin/drivers/test                  164 B          87.5 kB
Ôö£ Ôùï /admin/withdrawals                   6.42 kB         218 kB
Ôö£ ãÆ /api/admin/payments/force-credit     0 B                0 B
Ôö£ ãÆ /api/payments/create-preference      0 B                0 B
Ôö£ ãÆ /api/webhooks/mercadopago            0 B                0 B
Ôö£ Ôùï /dashboard                           164 B          87.5 kB
Ôö£ Ôùï /dashboard/complete-profile          4.39 kB         217 kB
Ôö£ Ôùï /dashboard/history                   4.72 kB         222 kB
Ôö£ ãÆ /dashboard/history/[rideId]          3.88 kB         232 kB
Ôö£ Ôùï /dashboard/info                      5.76 kB         108 kB
Ôö£ Ôùï /dashboard/profile                   4.38 kB         227 kB
Ôö£ Ôùï /dashboard/ride                      7.8 kB          258 kB
Ôö£ Ôùï /driver                              1.93 kB        93.4 kB
Ôö£ Ôùï /driver/complete-profile             23.5 kB         245 kB
Ôö£ Ôùï /driver/complete-profile/verify      2.87 kB         215 kB
Ôö£ Ôùï /driver/earnings                     8.81 kB         235 kB
Ôö£ Ôùï /driver/goals                        8.13 kB         217 kB
Ôö£ Ôùï /driver/payment/failure              4.24 kB         111 kB
Ôö£ Ôùï /driver/payment/pending              4.24 kB         111 kB
Ôö£ Ôùï /driver/payment/success              4.21 kB         111 kB
Ôö£ Ôùï /driver/profile                      7.76 kB         231 kB
Ôö£ Ôùï /driver/rides                        8.56 kB         221 kB
Ôö£ Ôùï /login                               6.07 kB         232 kB
Ôö£ Ôùï /manifest.webmanifest                0 B                0 B
Ôö£ Ôùï /municipal/dashboard                 2.5 kB          101 kB
Ôöö Ôùï /municipal/login                     3.9 kB          217 kB
+ First Load JS shared by all            87.3 kB
  Ôö£ chunks/2117-27bb4d2bfc0d5bd5.js      31.7 kB
  Ôö£ chunks/fd9d1056-0ad35491d2c4b6b8.js  53.6 kB
  Ôöö other shared chunks (total)          1.96 kB


Ôùï  (Static)   prerendered as static content
ãÆ  (Dynamic)  server-rendered on demand

